d:\term 3 sy24-25\csopesy\week10\csopesy_os_project\csopesy-os-project\csopesy os project\x64\debug\vc143.pdb
d:\term 3 sy24-25\csopesy\week10\csopesy_os_project\csopesy-os-project\csopesy os project\x64\debug\vc143.idb
d:\term 3 sy24-25\csopesy\week10\csopesy_os_project\csopesy-os-project\csopesy os project\x64\debug\screen.obj
d:\term 3 sy24-25\csopesy\week10\csopesy_os_project\csopesy-os-project\csopesy os project\x64\debug\scheduler.obj
d:\term 3 sy24-25\csopesy\week10\csopesy_os_project\csopesy-os-project\csopesy os project\x64\debug\printcommand.obj
d:\term 3 sy24-25\csopesy\week10\csopesy_os_project\csopesy-os-project\csopesy os project\x64\debug\mainscreen.obj
d:\term 3 sy24-25\csopesy\week10\csopesy_os_project\csopesy-os-project\csopesy os project\x64\debug\main.obj
d:\term 3 sy24-25\csopesy\week10\csopesy_os_project\csopesy-os-project\csopesy os project\x64\debug\inputmanager.obj
d:\term 3 sy24-25\csopesy\week10\csopesy_os_project\csopesy-os-project\csopesy os project\x64\debug\icommand.obj
d:\term 3 sy24-25\csopesy\week10\csopesy_os_project\csopesy-os-project\csopesy os project\x64\debug\flatmemoryallocator.obj
d:\term 3 sy24-25\csopesy\week10\csopesy_os_project\csopesy-os-project\csopesy os project\x64\debug\declarecommand.obj
d:\term 3 sy24-25\csopesy\week10\csopesy_os_project\csopesy-os-project\csopesy os project\x64\debug\consolemanager.obj
d:\term 3 sy24-25\csopesy\week10\csopesy_os_project\csopesy-os-project\csopesy os project\x64\debug\basescreen.obj
d:\term 3 sy24-25\csopesy\week10\csopesy_os_project\csopesy-os-project\x64\debug\csopesy os project.exe
d:\term 3 sy24-25\csopesy\week10\csopesy_os_project\csopesy-os-project\x64\debug\csopesy os project.pdb
d:\term 3 sy24-25\csopesy\week10\csopesy_os_project\csopesy-os-project\csopesy os project\x64\debug\csopesy os project.ilk
d:\term 3 sy24-25\csopesy\week10\csopesy_os_project\csopesy-os-project\csopesy os project\x64\debug\csopesy .a28e7fe5.tlog\cl.command.1.tlog
d:\term 3 sy24-25\csopesy\week10\csopesy_os_project\csopesy-os-project\csopesy os project\x64\debug\csopesy .a28e7fe5.tlog\cl.items.tlog
d:\term 3 sy24-25\csopesy\week10\csopesy_os_project\csopesy-os-project\csopesy os project\x64\debug\csopesy .a28e7fe5.tlog\cl.read.1.tlog
d:\term 3 sy24-25\csopesy\week10\csopesy_os_project\csopesy-os-project\csopesy os project\x64\debug\csopesy .a28e7fe5.tlog\cl.write.1.tlog
d:\term 3 sy24-25\csopesy\week10\csopesy_os_project\csopesy-os-project\csopesy os project\x64\debug\csopesy .a28e7fe5.tlog\link.command.1.tlog
d:\term 3 sy24-25\csopesy\week10\csopesy_os_project\csopesy-os-project\csopesy os project\x64\debug\csopesy .a28e7fe5.tlog\link.read.1.tlog
d:\term 3 sy24-25\csopesy\week10\csopesy_os_project\csopesy-os-project\csopesy os project\x64\debug\csopesy .a28e7fe5.tlog\link.secondary.1.tlog
d:\term 3 sy24-25\csopesy\week10\csopesy_os_project\csopesy-os-project\csopesy os project\x64\debug\csopesy .a28e7fe5.tlog\link.write.1.tlog
